function @main() -> i32 [role=entry, binding=strong, keep_alias=yes] {
  slot $active : obj<1x1>

  block ^entry:
    %t1 = addr $active
    %t2 = addr $active
    %t3 = call i32 @call_erase(%t2, 0)
    return i32 %t3
}
function @call_erase(%active : ptr [pass=reference], %ai : i32) -> i32 [binding=weak, object=_Z10call_eraseIZ4mainE5localEiR8mini_vecIT_Ei] {
  slot $active : ptr
  slot $ai : i32
  slot $argobj__1 : obj<8x8>
  slot $arg__2 : obj<8x8>
  slot $argobj__3 : obj<8x8>

  block ^entry:
    store ptr %active, $active
    store i32 %ai, $ai
    %t1 = load ptr $active
    %t2 = addr $argobj__1
    %t3 = addr $arg__2
    %t4 = addr $argobj__3
    %t5 = load ptr $active
    %t6 = call obj<8x8> @mini_vec_local__local_18179062325960205169___begin(%t5)
    copyobj 8x8 %t6, %t4
    %t7 = load i32 $ai
    %t8 = call obj<8x8> @operator_($argobj__3, %t7)
    copyobj 8x8 %t8, %t3
    call void @wrap_local__local_18179062325960205169_const_____wrap__ov5(%t2, %t3)
    %t9 = call i32 @mini_vec_local__local_18179062325960205169___erase(%t1, $argobj__1)
    return i32 %t9
}
function @operator_(%it : obj<8x8>, %__param1 : i32) -> obj<8x8> [binding=weak, object=_ZplIPZ4mainE5localE4wrapIT_ES4_i] {
  slot $it : obj<8x8>
  slot $__param1 : i32
  slot $retobj__1 : obj<8x8>

  block ^entry:
    %t1 = addr $it
    copyobj 8x8 %it, %t1
    store i32 %__param1, $__param1
    %t2 = addr $retobj__1
    %t3 = addr $it
    copyobj 8x8 %t3, %t2
    return obj<8x8> $retobj__1
}
function @wrap_local__local_18179062325960205169_const_____wrap__ov5(%this : ptr, %other : ptr [pass=reference]) -> void [binding=weak, object=_ZN4wrapIPKZ4mainE5localEC1IPS0_EERKS_IT_E] {
  slot $this : ptr
  slot $other : ptr

  block ^entry:
    store ptr %this, $this
    store ptr %other, $other
    %t1 = load ptr $other
    %t2 = index i8 [projection=field] %t1, 0
    %t3 = load ptr %t2
    %t4 = load ptr $this
    %t5 = index i8 [projection=field] %t4, 0
    store ptr %t3, %t5
    return void
}
function @mini_vec_local__local_18179062325960205169___begin(%this : ptr) -> obj<8x8> [binding=weak, object=_ZN8mini_vecIZ4mainE5localE5beginEv] {
  slot $this : ptr
  slot $retobj__1 : obj<8x8>

  block ^entry:
    store ptr %this, $this
    %t1 = addr $retobj__1
    call void @wrap_local__local_18179062325960205169_____wrap(%t1)
    return obj<8x8> $retobj__1
}
function @mini_vec_local__local_18179062325960205169___erase(%this : ptr, %__param1 : obj<8x8>) -> i32 [binding=weak, object=_ZN8mini_vecIZ4mainE5localE5eraseE4wrapIPKS0_E] {
  slot $this : ptr
  slot $__param1 : obj<8x8>

  block ^entry:
    store ptr %this, $this
    %t1 = addr $__param1
    copyobj 8x8 %__param1, %t1
    return i32 0
}
function @wrap_local__local_18179062325960205169_____wrap(%this : ptr) -> void [binding=weak, object=_ZN4wrapIPZ4mainE5localEC1Ev] {
  slot $this : ptr

  block ^entry:
    store ptr %this, $this
    %t1 = load ptr $this
    %t2 = index i8 [projection=field] %t1, 0
    store ptr 0, %t2
    return void
}
alias object _ZN4wrapIPKZ4mainE5localEC2IPS0_EERKS_IT_E = @wrap_local__local_18179062325960205169_const_____wrap__ov5
alias object _ZN4wrapIPZ4mainE5localEC2Ev = @wrap_local__local_18179062325960205169_____wrap
